---
source: tests/ui_testing.rs
expression: self.buffer()
---
┌──────────────────────────────────────────────────────────────────────────────┐│ Tasks │ Projects │ Contexts │ Reports                                        │└──────────────────────────────────────────────────────────────────────────────┘
